2026-06-05 19:00:07,007 - ====================================================================================================
2026-06-05 19:00:07,007 - dataset_name: CiteSeer
2026-06-05 19:00:07,007 - learn_temp: True
2026-06-05 19:00:07,007 - tau0: 0.1
2026-06-05 19:00:07,007 - temp: 0.05
2026-06-05 19:00:07,007 - max_epochs: 500
2026-06-05 19:00:07,007 - lr: 0.005
2026-06-05 19:00:07,007 - weight_decay: 0.0005
2026-06-05 19:00:07,007 - dropout: 0.5
2026-06-05 19:00:07,007 - env_model: ADD
2026-06-05 19:00:07,007 - env_num_layers: 2
2026-06-05 19:00:07,007 - env_dim: 128
2026-06-05 19:00:07,008 - act_model: ADD
2026-06-05 19:00:07,008 - act_num_layers: 2
2026-06-05 19:00:07,008 - act_dim: 16
2026-06-05 19:00:07,008 - seed: 42
2026-06-05 19:00:07,008 - gpu: 0
2026-06-05 19:00:07,008 - reg_weight: 0.01
2026-06-05 19:00:07,008 - k: 10
2026-06-05 19:00:07,008 - alpha: 0.1
2026-06-05 19:00:07,008 - iter: 0
2026-06-05 19:00:07,008 - patience: 100
